// Jest Snapshot v1, https://goo.gl/fbAQLP

exports[`UiMessages Рендер компонента 1`] = `
<Connect(UiMessages)
  store={
    Object {
      "clearActions": [Function],
      "dispatch": [Function],
      "getActions": [Function],
      "getState": [Function],
      "replaceReducer": [Function],
      "subscribe": [Function],
    }
  }
>
  <UiMessages
    deleteMessage={[Function]}
    messages={Array []}
    resetUiMessages={[Function]}
    store={
      Object {
        "clearActions": [Function],
        "dispatch": [Function],
        "getActions": [Function],
        "getState": [Function],
        "replaceReducer": [Function],
        "subscribe": [Function],
      }
    }
  >
    <div
      className="wrapper"
    />
  </UiMessages>
</Connect(UiMessages)>
`;
